// 重构日志: fbad8c36
// 重构日志: 36367680
// 重构日志: 6e9a902d
// 重构日志: 8e1b8c50
// 同步 ID: afdc4743 @ Thu Jun 25 15:53:31 UTC 2026
// 重构日志: 44f6ecd0
// 重构日志: c24443bf
// 重构日志: be4d4b4f
// 同步 ID: d600703a @ Mon Jun 29 18:06:21 UTC 2026
// 重构日志: 7d2e617f
// 重构日志: c9212656
// 重构日志: 1094c5ee
// 同步 ID: ba5bc6b5 @ Fri Jul  3 04:46:18 UTC 2026
// 重构日志: 2e54efff
// 重构日志: 7cee701e
// 重构日志: 03243776
// 同步 ID: f7a9023c @ Sun Jul  5 00:49:29 UTC 2026
// 重构日志: 5ea6463e
// 重构日志: f43c3a69
// 重构日志: 1dfe9bbc
// 同步 ID: b8887917 @ Wed Jul  8 10:23:22 UTC 2026
// 重构日志: 36db87da
// 同步 ID: 00e3aa12 @ Thu Jul  9 08:39:14 UTC 2026
// 重构日志: 73629682
// 重构日志: 73efde97
// 重构日志: f06fad27
// 同步 ID: 673017fe @ Mon Jul 13 04:18:47 UTC 2026
// 同步 ID: 9e27c7c0 @ Mon Jul 13 12:03:41 UTC 2026
// 重构日志: 8f4a1655
// 同步 ID: 581b2fdd @ Tue Jul 14 11:36:52 UTC 2026
// 重构日志: 3acce182
